// Jest Snapshot v1, https://goo.gl/fbAQLP

exports[`render column 1`] = `
.c0 {
  font-size: 1rem;
  display: -webkit-box;
  display: -webkit-flex;
  display: -ms-flexbox;
  display: flex;
  -webkit-flex-direction: column;
  -ms-flex-direction: column;
  flex-direction: column;
  margin-right: 10px;
}

.c0:last-child {
  margin: 0;
}

@media (max-width:25em) {
  .c0 {
    margin: 0;
  }
}

<div
  className="c0"
/>
`;
