// Jest Snapshot v1, https://goo.gl/fbAQLP

exports[`render Select 1`] = `
.c0 {
  height: 38px;
  padding: 6px 10px;
  background-color: #fff;
  border: 1px solid #D1D1D1;
  border-radius: 4px;
  box-shadow: none;
  box-sizing: border-box;
}

.c0:focus {
  border: 1px solid #33C3F0;
  outline: 0;
}

<select
  className="c0"
/>
`;
